/home/users/scro4564/anaconda3/envs/inferences2/lib/python3.11/site-packages/pygeoinf/gaussian_measure.py:243: UserWarning: 'where' used without 'out', expect unitialized memory in output. If this is intentional, use out=None.
  Di = diags([np.reciprocal(values, where=(values != 0))], [0])
Using n_jobs=32
Model space: <intervalinf.spaces.lebesgue.Lebesgue object at 0x7f321e598510>
Data space dimension: 500
Property space dimension: 20
Signal-to-noise ratio: 10.0
Number of observations: 500
Data noise standard deviation: 0.1111

============================================================
METHOD 1: Continuous SOLA (intervalinf + pygeoinf, Cholesky)
============================================================
✓ Continuous SOLA complete!  elapsed: 9.67 s
Norm reconstruction error: 1.9058
Relative error: 231.4%
Data misfit: 2.1444
Relative data misfit: 30.2%
Unimodularity check before correction: [0.99979033 0.99981242 0.99982597 0.99984612 0.9998529 ]
Unimodularity check after correction:  [1. 1. 1. 1. 1.]

==================================================
UNIMODULAR PROPERTY INFERENCE SUMMARY
==================================================
Properties within ±2σ: 20/20 (100.0%)
Mean absolute error: 0.0305
RMS error: 0.0354
Max error: 0.0684
Average uncertainty (2σ): 0.0773
==================================================

============================================================
20-cell physical boxcar discretization setup
============================================================

============================================================
METHOD 2: Discrete SOLA – 20 cells (intervalinf + pygeoinf, Cholesky)
============================================================
✓ Discrete SOLA complete!  elapsed: 4.33 s
Discrete model dimension: 20
G_disc matrix shape: (500, 20)
T_disc matrix shape: (20, 20)
Cell width: 0.050
Max |Gram - mass| for cell basis: 6.17e-04
Discrete unimodularity check: [1. 1. 1. 1. 1.]
Mean |continuous - discrete| on properties: 1.4447e-02
Max  |continuous - discrete| on properties: 3.5385e-02

============================================================
METHOD 3: sola-base C LSQR pipeline
============================================================
/home/users/scro4564/anaconda3/envs/inferences2/bin/python sola_preproc.py
/disks/data/PhD/Inferences/sola-base/sola_preproc.py:28: FutureWarning: The 'delim_whitespace' keyword in pd.read_table is deprecated and will be removed in a future version. Use ``sep='\s+'`` instead
  G = pd.read_table( os.path.join(input_folder, 'G'), delim_whitespace=True, skiprows=2, header=None, names=['i','j','val'])

/home/users/scro4564/anaconda3/envs/inferences2/bin/python sola_lsqr.py sola_inputs_intervalinf_demo/ks_to_solve
reading sparse matrix from 'sola_inputs_intervalinf_demo/Q_sparse0_norm_1p0' ... 
(21x499)-(5523) 
Reorganisation liste des colonnes

Fin lecture matricesparse stats (0x561fcde97660):
	size: 21x499, nb items: 5523
	density: 52.705410
free sparse matrix (0x561fcde97660)
./LSQR_SOLA_paral/LSQR_inversion_for_SOLA_N_paral sola_inputs_intervalinf_demo/Q_sparse0_norm_1p0 sola_inputs_intervalinf_demo/T/T sola_inputs_intervalinf_demo/ks_to_solve sola_outputs_intervalinf_demo/SOLUTION_1p0/SOLUTION 500 1.000000 sola_inputs_intervalinf_demo/c_sparse0_norm sola_inputs_intervalinf_demo/G_sparse0_norm_firstraw sola_inputs_intervalinf_demo/V 0 100

read*matrix: ok (size=21x499, 10479 elements)
temps Cpu chargement matrice : 0.001037
Wall time computation one point : 0.008948

/home/users/scro4564/anaconda3/envs/inferences2/bin/python sola_postproc.py
/home/users/scro4564/anaconda3/envs/inferences2/bin/python sola_ak.py sola_inputs_intervalinf_demo/ks_to_solve
/disks/data/PhD/Inferences/sola-base/sola_ak.py:44: FutureWarning: The 'delim_whitespace' keyword in pd.read_table is deprecated and will be removed in a future version. Use ``sep='\s+'`` instead
  G = pd.read_table(

✓ sola-base pipeline complete!  elapsed: 0.85 s
Exported sola-base inputs to: /disks/data/PhD/Inferences/sola-base/sola_inputs_intervalinf_demo
sola-base outputs written to: /disks/data/PhD/Inferences/sola-base/sola_outputs_intervalinf_demo
eta used for sola-base run: 1.000000

SOLA-BASE VS NOTEBOOK COMPARISON
==================================================
Max |property mean difference|:            3.5796e-03
Max |property std difference|:             3.0667e-04
Mean notebook 2σ width:                    6.9866e-02
Mean sola-base 2σ width:                   6.9614e-02
Max |weight difference| (sola-base coords):1.0755e-04
Max |integrated AK difference|:            3.1876e-03
==================================================
sola-base comparisons passed within the documented discrete round-trip tolerances.

============================================================
TIMING SUMMARY
============================================================
  1. Continuous SOLA (Cholesky):                9.67 s
  2. Discrete SOLA – 20 cells (Cholesky):       4.33 s
  3. sola-base C LSQR pipeline:                 0.85 s
============================================================
