/home/users/scro4564/anaconda3/envs/inferences2/lib/python3.11/site-packages/pygeoinf/gaussian_measure.py:243: UserWarning: 'where' used without 'out', expect unitialized memory in output. If this is intentional, use out=None.
  Di = diags([np.reciprocal(values, where=(values != 0))], [0])
Using n_jobs=32
Model space: <intervalinf.spaces.lebesgue.Lebesgue object at 0x7f286085fed0>
Data space dimension: 100
Property space dimension: 20
Signal-to-noise ratio: 10.0
Number of observations: 100
Data noise standard deviation: 0.1111

============================================================
METHOD 1: Continuous SOLA (intervalinf + pygeoinf, Cholesky)
============================================================
✓ Continuous SOLA complete!  elapsed: 1.87 s
Norm reconstruction error: 1.9211
Relative error: 233.2%
Data misfit: 0.5468
Relative data misfit: 18.7%
Unimodularity check before correction: [1.00025129 0.99904664 0.99832194 0.99885879 0.99876236]
Unimodularity check after correction:  [1. 1. 1. 1. 1.]

==================================================
UNIMODULAR PROPERTY INFERENCE SUMMARY
==================================================
Properties within ±2σ: 20/20 (100.0%)
Mean absolute error: 0.0924
RMS error: 0.1090
Max error: 0.1993
Average uncertainty (2σ): 0.3185
==================================================

============================================================
20-cell physical boxcar discretization setup
============================================================

============================================================
METHOD 2: Discrete SOLA – 20 cells (intervalinf + pygeoinf, Cholesky)
============================================================
✓ Discrete SOLA complete!  elapsed: 0.67 s
Discrete model dimension: 20
G_disc matrix shape: (100, 20)
T_disc matrix shape: (20, 20)
Cell width: 0.050
Max |Gram - mass| for cell basis: 6.17e-04
Discrete unimodularity check: [1. 1. 1. 1. 1.]
Mean |continuous - discrete| on properties: 3.2393e-02
Max  |continuous - discrete| on properties: 1.0458e-01

============================================================
METHOD 3: sola-base C LSQR pipeline
============================================================
/home/users/scro4564/anaconda3/envs/inferences2/bin/python sola_preproc.py
/disks/data/PhD/Inferences/sola-base/sola_preproc.py:28: FutureWarning: The 'delim_whitespace' keyword in pd.read_table is deprecated and will be removed in a future version. Use ``sep='\s+'`` instead
  G = pd.read_table( os.path.join(input_folder, 'G'), delim_whitespace=True, skiprows=2, header=None, names=['i','j','val'])

/home/users/scro4564/anaconda3/envs/inferences2/bin/python sola_lsqr.py sola_inputs_intervalinf_demo/ks_to_solve
reading sparse matrix from 'sola_inputs_intervalinf_demo/Q_sparse0_norm_1p0' ... 
(21x99)-(1150) 
Reorganisation liste des colonnes

Fin lecture matricesparse stats (0x55cbe9b54660):
	size: 21x99, nb items: 1150
	density: 55.315056
free sparse matrix (0x55cbe9b54660)
./LSQR_SOLA_paral/LSQR_inversion_for_SOLA_N_paral sola_inputs_intervalinf_demo/Q_sparse0_norm_1p0 sola_inputs_intervalinf_demo/T/T sola_inputs_intervalinf_demo/ks_to_solve sola_outputs_intervalinf_demo/SOLUTION_1p0/SOLUTION 500 1.000000 sola_inputs_intervalinf_demo/c_sparse0_norm sola_inputs_intervalinf_demo/G_sparse0_norm_firstraw sola_inputs_intervalinf_demo/V 0 100

read*matrix: ok (size=21x99, 2079 elements)
temps Cpu chargement matrice : 0.000243
Wall time computation one point : 0.002365

/home/users/scro4564/anaconda3/envs/inferences2/bin/python sola_postproc.py
/home/users/scro4564/anaconda3/envs/inferences2/bin/python sola_ak.py sola_inputs_intervalinf_demo/ks_to_solve
/disks/data/PhD/Inferences/sola-base/sola_ak.py:44: FutureWarning: The 'delim_whitespace' keyword in pd.read_table is deprecated and will be removed in a future version. Use ``sep='\s+'`` instead
  G = pd.read_table(

✓ sola-base pipeline complete!  elapsed: 1.03 s
Exported sola-base inputs to: /disks/data/PhD/Inferences/sola-base/sola_inputs_intervalinf_demo
sola-base outputs written to: /disks/data/PhD/Inferences/sola-base/sola_outputs_intervalinf_demo
eta used for sola-base run: 1.000000

SOLA-BASE VS NOTEBOOK COMPARISON
==================================================
Max |property mean difference|:            3.7322e-02
Max |property std difference|:             9.2533e-03
Mean notebook 2σ width:                    2.0045e-01
Mean sola-base 2σ width:                   1.9229e-01
Max |weight difference| (sola-base coords):5.6294e-03
Max |integrated AK difference|:            3.0858e-02
==================================================
sola-base comparisons passed within the documented discrete round-trip tolerances.

============================================================
TIMING SUMMARY
============================================================
  1. Continuous SOLA (Cholesky):                1.87 s
  2. Discrete SOLA – 20 cells (Cholesky):       0.67 s
  3. sola-base C LSQR pipeline:                 1.03 s
============================================================
